[01:16:37] recorder P1 — 5 venues × 2 symboles @ 100 ms
[01:16:37] store : C:\Users\DyBoo\Desktop\LaForge\GON-TV\sandbox\detect\recorder\store
[01:16:37] santé : http://127.0.0.1:8788/health
[01:16:38] [coinbase] connecté (2 flux)
[01:16:38] [hyperliquid] connecté (2 flux)
[01:16:38] [bybit] connecté (2 flux)
[01:16:38] [binance] connecté (2 flux)
[01:16:42] [okx] BTC-USDT-SWAP : 1 contrat = 0.01 BTC
[01:16:42] [okx] ETH-USDT-SWAP : 1 contrat = 0.1 ETH
[01:16:43] [okx] connecté (2 flux)
[singleton] un recorder tourne déjà (PID 9404, battement il y a 37s) — rien à faire
[01:22:34] recorder P1 — 5 venues × 2 symboles @ 100 ms
[01:22:34] store : C:\Users\DyBoo\Desktop\LaForge\GON-TV\sandbox\detect\recorder\store
[01:22:34] santé : http://127.0.0.1:8788/health
[01:22:35] [coinbase] connecté (2 flux)
[01:22:35] [bybit] connecté (2 flux)
[01:22:35] [hyperliquid] connecté (2 flux)
[01:22:35] [binance] connecté (2 flux)
[01:22:39] [okx] BTC-USDT-SWAP : 1 contrat = 0.01 BTC
[01:22:39] [okx] ETH-USDT-SWAP : 1 contrat = 0.1 ETH
[01:22:41] [okx] connecté (2 flux)
[02:17:44] [hyperliquid] WS coupé : ConnectionClosedError(None, None, None) — retry dans 1s
[02:17:46] [hyperliquid] connecté (2 flux)
[02:35:11] recorder P1 — 5 venues × 2 symboles @ 100 ms
[02:35:11] store : C:\Users\DyBoo\Desktop\LaForge\GON-TV\sandbox\detect\recorder\store
[02:35:11] santé : http://127.0.0.1:8788/health
[02:35:11] [coinbase] connecté (2 flux)
[02:35:12] [hyperliquid] connecté (2 flux)
[02:35:12] [bybit] connecté (2 flux)
[02:35:13] [binance] socket transactions connectée
[02:35:13] [binance] connecté (2 flux)
[02:35:15] [okx] BTC-USDT-SWAP : 1 contrat = 0.01 BTC
[02:35:15] [okx] ETH-USDT-SWAP : 1 contrat = 0.1 ETH
[02:35:16] [okx] connecté (2 flux)
[03:15:13] [hyperliquid] WS coupé : ConnectionClosedError(None, None, None) — retry dans 1s
[03:15:15] [hyperliquid] connecté (2 flux)
[06:08:23] [hyperliquid] connecté (2 flux)
[08:47:19] [hyperliquid] WS coupé : ConnectionClosedError(None, None, None) — retry dans 1s
[08:47:21] [hyperliquid] connecté (2 flux)
[11:45:59] [hyperliquid] connecté (2 flux)
[14:46:31] [okx] WS coupé : ConnectionClosedError(None, None, None) — retry dans 1s
[14:46:35] [okx] connecté (2 flux)
[14:48:49] [hyperliquid] connecté (2 flux)
[14:51:15] [coinbase] WS coupé : ConnectionClosedError(None, None, None) — retry dans 1s
[14:51:17] [coinbase] connecté (2 flux)
[16:25:03] [binance] BTCUSDT désynchronisé — resync
[16:25:03] [binance] ETHUSDT désynchronisé — resync
[17:44:08] [hyperliquid] connecté (2 flux)
[20:45:45] [hyperliquid] connecté (2 flux)
[23:33:53] [hyperliquid] connecté (2 flux)
[00:18:48] [bybit] WS coupé : ConnectionClosedError(None, None, None) — retry dans 1s
[00:18:50] [bybit] connecté (2 flux)
[02:23:32] [hyperliquid] connecté (2 flux)
[03:29:32] [hyperliquid] WS coupé : ConnectionClosedError(None, None, None) — retry dans 1s
[03:29:36] [hyperliquid] connecté (2 flux)
[04:39:34] [bybit] WS coupé : ConnectionClosedError(None, Close(code=<CloseCode.INTERNAL_ERROR: 1011>, reason='keepalive ping timeout'), None) — retry dans 1s
[04:39:36] [bybit] connecté (2 flux)
[04:41:22] [hyperliquid] WS coupé : ConnectionClosedError(None, None, None) — retry dans 1s
[04:41:24] [hyperliquid] connecté (2 flux)
[05:26:20] [bybit] WS coupé : ConnectionClosedError(None, None, None) — retry dans 1s
[05:26:24] [bybit] connecté (2 flux)
[07:35:58] [hyperliquid] connecté (2 flux)
[10:24:49] [hyperliquid] connecté (2 flux)
[13:23:47] [hyperliquid] connecté (2 flux)
[16:17:41] [hyperliquid] connecté (2 flux)
[16:32:32] [bybit] WS coupé : ConnectionClosedError(None, Close(code=<CloseCode.INTERNAL_ERROR: 1011>, reason='keepalive ping timeout'), None) — retry dans 1s
[16:32:32] [hyperliquid] WS coupé : ConnectionClosedError(None, None, None) — retry dans 1s
[16:32:43] [bybit] WS coupé : TimeoutError('timed out during opening handshake') — retry dans 2s
[16:32:44] [binance] socket transactions coupée : ConnectionClosedError(None, Close(code=<CloseCode.INTERNAL_ERROR: 1011>, reason='keepalive ping timeout'), None) — retry 1s
[16:32:44] [hyperliquid] WS coupé : TimeoutError('timed out during opening handshake') — retry dans 2s
[16:32:45] [binance] socket transactions coupée : gaierror(11001, 'getaddrinfo failed') — retry 2s
[16:32:45] [bybit] WS coupé : gaierror(11001, 'getaddrinfo failed') — retry dans 4s
[16:32:47] [binance] WS coupé : ConnectionClosedError(None, Close(code=<CloseCode.INTERNAL_ERROR: 1011>, reason='keepalive ping timeout'), None) — retry dans 1s
[16:32:47] [hyperliquid] WS coupé : gaierror(11001, 'getaddrinfo failed') — retry dans 4s
[16:32:47] [binance] socket transactions coupée : gaierror(11001, 'getaddrinfo failed') — retry 4s
[16:32:48] [binance] WS coupé : gaierror(11001, 'getaddrinfo failed') — retry dans 2s
[16:32:49] [coinbase] WS coupé : ConnectionClosedError(None, Close(code=<CloseCode.INTERNAL_ERROR: 1011>, reason='keepalive ping timeout'), None) — retry dans 1s
[16:32:49] [okx] WS coupé : ConnectionClosedError(None, Close(code=<CloseCode.INTERNAL_ERROR: 1011>, reason='keepalive ping timeout'), None) — retry dans 1s
[16:32:50] [bybit] WS coupé : gaierror(11001, 'getaddrinfo failed') — retry dans 8s
[16:32:50] [binance] WS coupé : gaierror(11001, 'getaddrinfo failed') — retry dans 4s
[16:32:50] [coinbase] WS coupé : gaierror(11001, 'getaddrinfo failed') — retry dans 2s
[16:32:50] [okx] WS coupé : gaierror(11001, 'getaddrinfo failed') — retry dans 2s
[16:32:52] [hyperliquid] WS coupé : gaierror(11001, 'getaddrinfo failed') — retry dans 8s
[16:32:52] [binance] socket transactions coupée : gaierror(11001, 'getaddrinfo failed') — retry 8s
[16:32:53] [okx] WS coupé : gaierror(11001, 'getaddrinfo failed') — retry dans 4s
[16:32:55] [binance] WS coupé : gaierror(11001, 'getaddrinfo failed') — retry dans 8s
[16:32:57] [okx] WS coupé : gaierror(11001, 'getaddrinfo failed') — retry dans 8s
[16:32:58] [bybit] WS coupé : gaierror(11001, 'getaddrinfo failed') — retry dans 16s
[16:33:03] [coinbase] WS coupé : TimeoutError('timed out during opening handshake') — retry dans 4s
[16:33:05] [okx] WS coupé : gaierror(11001, 'getaddrinfo failed') — retry dans 16s
[16:33:08] [coinbase] WS coupé : gaierror(11001, 'getaddrinfo failed') — retry dans 8s
[16:33:10] [binance] socket transactions coupée : TimeoutError('timed out during opening handshake') — retry 16s
[16:33:11] [hyperliquid] WS coupé : TimeoutError('timed out during opening handshake') — retry dans 16s
[16:33:11] [binance] WS coupé : gaierror(11001, 'getaddrinfo failed') — retry dans 16s
[16:33:14] [bybit] WS coupé : gaierror(11001, 'getaddrinfo failed') — retry dans 30s
[16:33:17] [coinbase] WS coupé : gaierror(11001, 'getaddrinfo failed') — retry dans 16s
[16:33:22] [okx] WS coupé : gaierror(11001, 'getaddrinfo failed') — retry dans 30s
[16:33:33] [coinbase] WS coupé : gaierror(11001, 'getaddrinfo failed') — retry dans 30s
[16:33:37] [hyperliquid] WS coupé : TimeoutError('timed out during opening handshake') — retry dans 30s
[16:33:37] [binance] socket transactions coupée : TimeoutError('timed out during opening handshake') — retry 30s
[16:33:38] [binance] WS coupé : TimeoutError('timed out during opening handshake') — retry dans 30s
[16:33:45] [bybit] WS coupé : gaierror(11001, 'getaddrinfo failed') — retry dans 30s
[16:34:02] [okx] WS coupé : TimeoutError('timed out during opening handshake') — retry dans 30s
[16:34:04] [coinbase] WS coupé : gaierror(11001, 'getaddrinfo failed') — retry dans 30s
[16:34:07] [binance] socket transactions coupée : gaierror(11001, 'getaddrinfo failed') — retry 30s
[16:34:08] [hyperliquid] WS coupé : gaierror(11001, 'getaddrinfo failed') — retry dans 30s
[16:34:08] [binance] WS coupé : gaierror(11001, 'getaddrinfo failed') — retry dans 30s
[16:34:16] [bybit] WS coupé : gaierror(11001, 'getaddrinfo failed') — retry dans 30s
[16:34:36] [okx] connecté (2 flux)
[16:34:37] [coinbase] connecté (2 flux)
[16:34:39] [hyperliquid] connecté (2 flux)
[16:34:39] [binance] connecté (2 flux)
[16:34:39] [binance] socket transactions connectée
[16:34:47] [bybit] connecté (2 flux)
[19:34:58] [hyperliquid] connecté (2 flux)
[22:24:23] [hyperliquid] connecté (2 flux)
[01:25:26] [hyperliquid] connecté (2 flux)
[02:19:10] [bybit] WS coupé : ConnectionClosedError(None, None, None) — retry dans 1s
[02:19:12] [bybit] connecté (2 flux)
[04:23:27] [hyperliquid] connecté (2 flux)
[04:23:52] [bybit] WS coupé : ConnectionClosedError(None, None, None) — retry dans 1s
[04:23:53] [bybit] connecté (2 flux)
[04:32:16] [okx] WS coupé : ConnectionClosedError(None, None, None) — retry dans 1s
[04:32:19] [okx] connecté (2 flux)
[05:40:08] [coinbase] WS coupé : ConnectionClosedError(None, None, None) — retry dans 1s
[05:40:09] [coinbase] connecté (2 flux)
[05:40:45] [okx] WS coupé : ConnectionClosedError(None, None, None) — retry dans 1s
[05:40:48] [okx] connecté (2 flux)
[07:22:25] [hyperliquid] connecté (2 flux)
[10:12:04] [hyperliquid] connecté (2 flux)
[13:04:31] [hyperliquid] connecté (2 flux)
[14:02:25] [hyperliquid] WS coupé : ConnectionClosedError(None, None, None) — retry dans 1s
[14:02:25] [bybit] WS coupé : ConnectionClosedError(None, None, None) — retry dans 1s
[14:02:25] [okx] WS coupé : ConnectionClosedError(None, None, None) — retry dans 1s
[14:02:25] [coinbase] WS coupé : ConnectionClosedError(None, None, None) — retry dans 1s
[14:02:29] [coinbase] connecté (2 flux)
[14:02:30] [bybit] connecté (2 flux)
[14:02:30] [hyperliquid] connecté (2 flux)
[14:02:30] [okx] connecté (2 flux)
[16:36:33] [coinbase] WS coupé : ConnectionClosedError(None, None, None) — retry dans 1s
[16:36:35] [coinbase] connecté (2 flux)
[16:51:51] [hyperliquid] connecté (2 flux)
[19:45:20] [hyperliquid] connecté (2 flux)
[22:37:56] [hyperliquid] connecté (2 flux)
[23:16:12] [coinbase] connecté (2 flux)
[23:36:14] [coinbase] connecté (2 flux)
[23:47:34] [binance] WS coupé : ConnectionClosedError(None, Close(code=<CloseCode.INTERNAL_ERROR: 1011>, reason='keepalive ping timeout'), None) — retry dans 1s
[23:47:37] [binance] connecté (2 flux)
[23:47:52] [binance] socket transactions coupée : ConnectionClosedError(None, Close(code=<CloseCode.INTERNAL_ERROR: 1011>, reason='keepalive ping timeout'), None) — retry 1s
[23:47:55] [binance] socket transactions connectée
[01:26:56] [hyperliquid] connecté (2 flux)
[02:12:54] [hyperliquid] WS coupé : ConnectionClosedError(None, None, None) — retry dans 1s
[02:12:56] [hyperliquid] connecté (2 flux)
[03:09:45] [bybit] WS coupé : ConnectionClosedError(None, None, None) — retry dans 1s
[03:09:47] [bybit] connecté (2 flux)
[03:55:31] [bybit] WS coupé : ConnectionClosedError(None, None, None) — retry dans 1s
[03:55:33] [bybit] connecté (2 flux)
[04:04:33] [bybit] WS coupé : ConnectionClosedError(None, None, None) — retry dans 1s
[04:04:36] [bybit] connecté (2 flux)
[04:04:48] [hyperliquid] WS coupé : ConnectionClosedError(None, None, None) — retry dans 1s
[04:04:51] [hyperliquid] connecté (2 flux)
[04:06:20] [coinbase] WS coupé : ConnectionClosedError(None, None, None) — retry dans 1s
[04:06:22] [coinbase] connecté (2 flux)
[05:05:56] [okx] WS coupé : ConnectionClosedError(None, None, None) — retry dans 1s
[05:05:59] [okx] connecté (2 flux)
[07:00:15] [hyperliquid] connecté (2 flux)
[10:02:13] [hyperliquid] connecté (2 flux)
[11:05:28] [hyperliquid] WS coupé : ConnectionClosedError(None, None, None) — retry dans 1s
[11:05:30] [hyperliquid] WS coupé : InvalidStatus(Response(status_code=502, reason_phrase='Bad Gateway', headers=Headers([('Content-Type', 'text/html'), ('Content-Length', '157'), ('Connection', 'close'), ('Server', 'nginx/1.22.1'), ('Date', 'Sat, 01 Aug 2026 09:05:29 GMT'), ('X-Cache', 'Error from cloudfront'), ('Via', '1.1 4f10ade9fb12eb963555345e722d2320.cloudfront.net (CloudFront)'), ('X-Amz-Cf-Pop', 'CDG54-P2'), ('X-Amz-Cf-Id', 'cGD9uT0Fvpiox9a-kaw_OkCBUsYUBv9meB1ht3OLGKp7NKyI9G7m_w==')]), body=bytearray(b'<html>\r\n<head><title>502 Bad Gateway</title></head>\r\n<body>\r\n<center><h1>502 Bad Gateway</h1></center>\r\n<hr><center>nginx/1.22.1</center>\r\n</body>\r\n</html>\r\n'), _exception=InvalidStatus(...))) — retry dans 2s
[11:05:32] [hyperliquid] WS coupé : InvalidStatus(Response(status_code=502, reason_phrase='Bad Gateway', headers=Headers([('Content-Type', 'text/html'), ('Content-Length', '157'), ('Connection', 'close'), ('Server', 'nginx/1.22.1'), ('Date', 'Sat, 01 Aug 2026 09:05:32 GMT'), ('X-Cache', 'Error from cloudfront'), ('Via', '1.1 b175326e4c39fed8749875ec4488f278.cloudfront.net (CloudFront)'), ('X-Amz-Cf-Pop', 'CDG54-P2'), ('X-Amz-Cf-Id', 'k2jvtGvQ-zciBxTbOdZd9U-7YFHTk3rTekqYTSKDZ2YVE2r7m2jc7A==')]), body=bytearray(b'<html>\r\n<head><title>502 Bad Gateway</title></head>\r\n<body>\r\n<center><h1>502 Bad Gateway</h1></center>\r\n<hr><center>nginx/1.22.1</center>\r\n</body>\r\n</html>\r\n'), _exception=InvalidStatus(...))) — retry dans 4s
[11:05:37] [hyperliquid] WS coupé : InvalidStatus(Response(status_code=502, reason_phrase='Bad Gateway', headers=Headers([('Content-Type', 'text/html'), ('Content-Length', '157'), ('Connection', 'close'), ('Server', 'nginx/1.22.1'), ('Date', 'Sat, 01 Aug 2026 09:05:37 GMT'), ('X-Cache', 'Error from cloudfront'), ('Via', '1.1 dfa4948c8deee1079bed974f78dea73c.cloudfront.net (CloudFront)'), ('X-Amz-Cf-Pop', 'CDG54-P2'), ('X-Amz-Cf-Id', 'cLm7cmmzFJCfZ2RWIARDwXBS7ydiW58QEabgTN7e9NsLTj6am7fXNA==')]), body=bytearray(b'<html>\r\n<head><title>502 Bad Gateway</title></head>\r\n<body>\r\n<center><h1>502 Bad Gateway</h1></center>\r\n<hr><center>nginx/1.22.1</center>\r\n</body>\r\n</html>\r\n'), _exception=InvalidStatus(...))) — retry dans 8s
[11:05:46] [hyperliquid] WS coupé : InvalidStatus(Response(status_code=502, reason_phrase='Bad Gateway', headers=Headers([('Content-Type', 'text/html'), ('Content-Length', '157'), ('Connection', 'close'), ('Server', 'nginx/1.22.1'), ('Date', 'Sat, 01 Aug 2026 09:05:46 GMT'), ('X-Cache', 'Error from cloudfront'), ('Via', '1.1 9cc004a189aeb845fc8204e096cb03a0.cloudfront.net (CloudFront)'), ('X-Amz-Cf-Pop', 'CDG54-P2'), ('X-Amz-Cf-Id', 'mMg-ErsGVzXoxvWGm8299IKw5qXmhKI7prPDMxiJlqMLH6kzUH0idA==')]), body=bytearray(b'<html>\r\n<head><title>502 Bad Gateway</title></head>\r\n<body>\r\n<center><h1>502 Bad Gateway</h1></center>\r\n<hr><center>nginx/1.22.1</center>\r\n</body>\r\n</html>\r\n'), _exception=InvalidStatus(...))) — retry dans 16s
[11:06:04] [hyperliquid] WS coupé : InvalidStatus(Response(status_code=502, reason_phrase='Bad Gateway', headers=Headers([('Content-Type', 'text/html'), ('Content-Length', '157'), ('Connection', 'close'), ('Server', 'nginx/1.22.1'), ('Date', 'Sat, 01 Aug 2026 09:06:03 GMT'), ('X-Cache', 'Error from cloudfront'), ('Via', '1.1 f44a750f1ab6eb0f24a3374b498e11d0.cloudfront.net (CloudFront)'), ('X-Amz-Cf-Pop', 'CDG54-P2'), ('X-Amz-Cf-Id', 'spfCnOzXYB6toBbp2Ysn-179Q7j0cV6ZnoQCDxom8fUIFTsVbScSyw==')]), body=bytearray(b'<html>\r\n<head><title>502 Bad Gateway</title></head>\r\n<body>\r\n<center><h1>502 Bad Gateway</h1></center>\r\n<hr><center>nginx/1.22.1</center>\r\n</body>\r\n</html>\r\n'), _exception=InvalidStatus(...))) — retry dans 30s
[11:06:35] [hyperliquid] connecté (2 flux)
[14:02:54] [hyperliquid] connecté (2 flux)
[16:56:16] [hyperliquid] connecté (2 flux)
[18:03:16] [okx] WS coupé : ConnectionClosedError(None, None, None) — retry dans 1s
[18:03:18] [okx] connecté (2 flux)
[19:58:49] [hyperliquid] connecté (2 flux)
[21:26:25] [coinbase] WS coupé : ConnectionClosedError(None, None, None) — retry dans 1s
[21:26:27] [coinbase] connecté (2 flux)
[22:41:45] [coinbase] WS coupé : ConnectionClosedError(None, None, None) — retry dans 1s
[22:41:47] [coinbase] connecté (2 flux)
[22:46:26] [hyperliquid] connecté (2 flux)
[01:47:51] [hyperliquid] connecté (2 flux)
[04:59:56] recorder P1 — 5 venues × 2 symboles @ 100 ms
[04:59:56] store : E:\Users\DyBoo\Desktop\LaForge\GON-TV\sandbox\detect\recorder\store
[04:59:56] santé : http://127.0.0.1:8788/health
[04:59:56] [okx] préparation échouée : ClientConnectorDNSError(ConnectionKey(host='www.okx.com', port=443, is_ssl=True, ssl=True, proxy=None, proxy_auth=None, proxy_headers_hash=None), OSError(None, 'Could not contact DNS servers'))
[04:59:56] [coinbase] connecté (2 flux)
[04:59:56] [hyperliquid] connecté (2 flux)
[04:59:56] [bybit] connecté (2 flux)
[04:59:57] [okx] connecté (2 flux)
[04:59:57] [binance] connecté (2 flux)
[04:59:57] [binance] socket transactions connectée
[singleton] un recorder tourne déjà (PID 13648, battement il y a 21s) — rien à faire
[05:09:25] recorder P1 — 5 venues × 2 symboles @ 100 ms
[05:09:25] store : E:\Users\DyBoo\Desktop\LaForge\GON-TV\sandbox\detect\recorder\store
[05:09:25] santé : http://127.0.0.1:8788/health
[05:09:26] [okx] BTC-USDT-SWAP : 1 contrat = 0.01 BTC
[05:09:26] [okx] ETH-USDT-SWAP : 1 contrat = 0.1 ETH
[05:09:26] [coinbase] connecté (2 flux)
[05:09:26] [hyperliquid] connecté (2 flux)
[05:09:26] [bybit] connecté (2 flux)
[05:09:26] [binance] socket transactions connectée
[05:09:26] [binance] connecté (2 flux)
[05:09:27] [okx] connecté (2 flux)
[07:56:54] [hyperliquid] connecté (2 flux)
[11:00:07] [hyperliquid] connecté (2 flux)
[14:01:33] [hyperliquid] connecté (2 flux)
[16:48:18] [hyperliquid] connecté (2 flux)
[19:42:06] [hyperliquid] connecté (2 flux)
[22:29:17] [hyperliquid] connecté (2 flux)
[01:26:44] [hyperliquid] connecté (2 flux)
[03:13:33] [hyperliquid] WS coupé : ConnectionClosedError(None, None, None) — retry dans 1s
[03:13:35] [hyperliquid] connecté (2 flux)
[03:25:14] [bybit] WS coupé : ConnectionClosedError(None, None, None) — retry dans 1s
[03:25:15] [bybit] connecté (2 flux)
[03:31:50] [bybit] WS coupé : ConnectionClosedError(None, None, None) — retry dans 1s
[03:31:52] [bybit] connecté (2 flux)
[05:00:14] [bybit] WS coupé : ConnectionClosedError(None, Close(code=<CloseCode.INTERNAL_ERROR: 1011>, reason='keepalive ping timeout'), None) — retry dans 1s
[05:00:16] [bybit] connecté (2 flux)
[06:14:09] [hyperliquid] connecté (2 flux)
[09:02:13] [hyperliquid] connecté (2 flux)
[12:01:24] [hyperliquid] connecté (2 flux)
[14:57:46] [hyperliquid] connecté (2 flux)
[17:49:36] [hyperliquid] connecté (2 flux)
[19:37:45] recorder P1 — 5 venues × 2 symboles @ 100 ms
[19:37:45] store : E:\Users\DyBoo\Desktop\LaForge\GON-TV\sandbox\detect\recorder\store
[19:37:45] santé : http://127.0.0.1:8788/health
[19:37:46] [okx] BTC-USDT-SWAP : 1 contrat = 0.01 BTC
[19:37:46] [okx] ETH-USDT-SWAP : 1 contrat = 0.1 ETH
[19:37:46] [coinbase] connecté (2 flux)
[19:37:46] [hyperliquid] connecté (2 flux)
[19:37:46] [bybit] connecté (2 flux)
[19:37:46] [binance] connecté (2 flux)
[19:37:46] [binance] socket transactions connectée
[19:37:47] [okx] connecté (2 flux)
[singleton] un recorder tourne déjà (PID 19980, battement il y a 9s) — rien à faire
[singleton] un recorder tourne déjà (PID 19980, battement il y a 9s) — rien à faire
[singleton] un recorder tourne déjà (PID 19980, battement il y a 8s) — rien à faire
[singleton] un recorder tourne déjà (PID 19980, battement il y a 8s) — rien à faire
[singleton] un recorder tourne déjà (PID 19980, battement il y a 8s) — rien à faire
[singleton] un recorder tourne déjà (PID 19980, battement il y a 8s) — rien à faire
[singleton] un recorder tourne déjà (PID 19980, battement il y a 8s) — rien à faire
[singleton] un recorder tourne déjà (PID 19980, battement il y a 8s) — rien à faire
[singleton] un recorder tourne déjà (PID 19980, battement il y a 8s) — rien à faire
[singleton] un recorder tourne déjà (PID 19980, battement il y a 8s) — rien à faire
[singleton] un recorder tourne déjà (PID 19980, battement il y a 8s) — rien à faire
[singleton] un recorder tourne déjà (PID 19980, battement il y a 7s) — rien à faire
[singleton] un recorder tourne déjà (PID 19980, battement il y a 7s) — rien à faire
[20:44:20] recorder P1 — 5 venues × 2 symboles @ 100 ms
[20:44:20] store : E:\Users\DyBoo\Desktop\LaForge\GON-TV\sandbox\detect\recorder\store
[20:44:20] santé : http://127.0.0.1:8788/health
[20:44:20] [okx] BTC-USDT-SWAP : 1 contrat = 0.01 BTC
[20:44:20] [okx] ETH-USDT-SWAP : 1 contrat = 0.1 ETH
[20:44:20] [coinbase] connecté (2 flux)
[20:44:20] [hyperliquid] connecté (2 flux)
[20:44:20] [bybit] connecté (2 flux)
[20:44:21] [binance] connecté (2 flux)
[20:44:21] [binance] socket transactions connectée
[20:44:21] [okx] connecté (2 flux)
[singleton] un recorder tourne déjà (PID 14896, battement il y a 14s) — rien à faire
[singleton] un recorder tourne déjà (PID 14896, battement il y a 14s) — rien à faire
[singleton] un recorder tourne déjà (PID 14896, battement il y a 14s) — rien à faire
[singleton] un recorder tourne déjà (PID 14896, battement il y a 14s) — rien à faire
[singleton] un recorder tourne déjà (PID 14896, battement il y a 13s) — rien à faire
[singleton] un recorder tourne déjà (PID 14896, battement il y a 13s) — rien à faire
[singleton] un recorder tourne déjà (PID 14896, battement il y a 13s) — rien à faire
[singleton] un recorder tourne déjà (PID 14896, battement il y a 13s) — rien à faire
[singleton] un recorder tourne déjà (PID 14896, battement il y a 14s) — rien à faire
[singleton] un recorder tourne déjà (PID 14896, battement il y a 14s) — rien à faire
[singleton] un recorder tourne déjà (PID 14896, battement il y a 13s) — rien à faire
[singleton] un recorder tourne déjà (PID 14896, battement il y a 14s) — rien à faire
[singleton] un recorder tourne déjà (PID 14896, battement il y a 13s) — rien à faire
[singleton] un recorder tourne déjà (PID 14896, battement il y a 12s) — rien à faire
[singleton] un recorder tourne déjà (PID 14896, battement il y a 12s) — rien à faire
[singleton] un recorder tourne déjà (PID 14896, battement il y a 12s) — rien à faire
[singleton] un recorder tourne déjà (PID 14896, battement il y a 12s) — rien à faire
[singleton] un recorder tourne déjà (PID 14896, battement il y a 12s) — rien à faire
[singleton] un recorder tourne déjà (PID 14896, battement il y a 11s) — rien à faire
[singleton] un recorder tourne déjà (PID 14896, battement il y a 12s) — rien à faire
[singleton] un recorder tourne déjà (PID 14896, battement il y a 11s) — rien à faire
[singleton] un recorder tourne déjà (PID 14896, battement il y a 11s) — rien à faire
[singleton] un recorder tourne déjà (PID 14896, battement il y a 11s) — rien à faire
[singleton] un recorder tourne déjà (PID 14896, battement il y a 11s) — rien à faire
[singleton] un recorder tourne déjà (PID 14896, battement il y a 11s) — rien à faire
[singleton] un recorder tourne déjà (PID 14896, battement il y a 11s) — rien à faire
[singleton] un recorder tourne déjà (PID 14896, battement il y a 10s) — rien à faire
[singleton] un recorder tourne déjà (PID 14896, battement il y a 10s) — rien à faire
[singleton] un recorder tourne déjà (PID 14896, battement il y a 10s) — rien à faire
[singleton] un recorder tourne déjà (PID 14896, battement il y a 9s) — rien à faire
[singleton] un recorder tourne déjà (PID 14896, battement il y a 9s) — rien à faire
[singleton] un recorder tourne déjà (PID 14896, battement il y a 9s) — rien à faire
[singleton] un recorder tourne déjà (PID 14896, battement il y a 8s) — rien à faire
[singleton] un recorder tourne déjà (PID 14896, battement il y a 8s) — rien à faire
[singleton] un recorder tourne déjà (PID 14896, battement il y a 8s) — rien à faire
[23:37:50] [hyperliquid] connecté (2 flux)
[singleton] un recorder tourne déjà (PID 14896, battement il y a 8s) — rien à faire
[singleton] un recorder tourne déjà (PID 14896, battement il y a 9s) — rien à faire
[singleton] un recorder tourne déjà (PID 14896, battement il y a 8s) — rien à faire
[singleton] un recorder tourne déjà (PID 14896, battement il y a 8s) — rien à faire
[singleton] un recorder tourne déjà (PID 14896, battement il y a 8s) — rien à faire
[singleton] un recorder tourne déjà (PID 14896, battement il y a 7s) — rien à faire
[singleton] un recorder tourne déjà (PID 14896, battement il y a 7s) — rien à faire
[singleton] un recorder tourne déjà (PID 14896, battement il y a 7s) — rien à faire
[singleton] un recorder tourne déjà (PID 14896, battement il y a 7s) — rien à faire
[singleton] un recorder tourne déjà (PID 14896, battement il y a 7s) — rien à faire
[singleton] un recorder tourne déjà (PID 14896, battement il y a 6s) — rien à faire
[singleton] un recorder tourne déjà (PID 14896, battement il y a 6s) — rien à faire
[singleton] un recorder tourne déjà (PID 14896, battement il y a 6s) — rien à faire
[singleton] un recorder tourne déjà (PID 14896, battement il y a 6s) — rien à faire
[singleton] un recorder tourne déjà (PID 14896, battement il y a 6s) — rien à faire
[singleton] un recorder tourne déjà (PID 14896, battement il y a 6s) — rien à faire
[singleton] un recorder tourne déjà (PID 14896, battement il y a 6s) — rien à faire
[singleton] un recorder tourne déjà (PID 14896, battement il y a 6s) — rien à faire
[singleton] un recorder tourne déjà (PID 14896, battement il y a 6s) — rien à faire
[singleton] un recorder tourne déjà (PID 14896, battement il y a 5s) — rien à faire
[singleton] un recorder tourne déjà (PID 14896, battement il y a 5s) — rien à faire
[singleton] un recorder tourne déjà (PID 14896, battement il y a 5s) — rien à faire
[singleton] un recorder tourne déjà (PID 14896, battement il y a 5s) — rien à faire
[singleton] un recorder tourne déjà (PID 14896, battement il y a 4s) — rien à faire
[singleton] un recorder tourne déjà (PID 14896, battement il y a 4s) — rien à faire
[01:45:42] [bybit] WS coupé : ConnectionClosedError(None, Close(code=<CloseCode.INTERNAL_ERROR: 1011>, reason='keepalive ping timeout'), None) — retry dans 1s
[01:45:44] [bybit] connecté (2 flux)
[singleton] un recorder tourne déjà (PID 14896, battement il y a 4s) — rien à faire
[singleton] un recorder tourne déjà (PID 14896, battement il y a 4s) — rien à faire
[singleton] un recorder tourne déjà (PID 14896, battement il y a 4s) — rien à faire
[singleton] un recorder tourne déjà (PID 14896, battement il y a 4s) — rien à faire
[singleton] un recorder tourne déjà (PID 14896, battement il y a 4s) — rien à faire
[singleton] un recorder tourne déjà (PID 14896, battement il y a 3s) — rien à faire
[singleton] un recorder tourne déjà (PID 14896, battement il y a 3s) — rien à faire
[02:16:26] [bybit] WS coupé : ConnectionClosedError(None, None, None) — retry dans 1s
[02:16:28] [bybit] connecté (2 flux)
[singleton] un recorder tourne déjà (PID 14896, battement il y a 3s) — rien à faire
[singleton] un recorder tourne déjà (PID 14896, battement il y a 3s) — rien à faire
[02:26:54] [hyperliquid] connecté (2 flux)
[singleton] un recorder tourne déjà (PID 14896, battement il y a 3s) — rien à faire
[singleton] un recorder tourne déjà (PID 14896, battement il y a 3s) — rien à faire
[singleton] un recorder tourne déjà (PID 14896, battement il y a 4s) — rien à faire
[singleton] un recorder tourne déjà (PID 14896, battement il y a 3s) — rien à faire
[singleton] un recorder tourne déjà (PID 14896, battement il y a 3s) — rien à faire
[singleton] un recorder tourne déjà (PID 14896, battement il y a 5s) — rien à faire
[singleton] un recorder tourne déjà (PID 14896, battement il y a 5s) — rien à faire
[singleton] un recorder tourne déjà (PID 14896, battement il y a 3s) — rien à faire
[singleton] un recorder tourne déjà (PID 14896, battement il y a 3s) — rien à faire
[singleton] un recorder tourne déjà (PID 14896, battement il y a 2s) — rien à faire
[singleton] un recorder tourne déjà (PID 14896, battement il y a 2s) — rien à faire
[singleton] un recorder tourne déjà (PID 14896, battement il y a 5s) — rien à faire
[singleton] un recorder tourne déjà (PID 14896, battement il y a 2s) — rien à faire
[singleton] un recorder tourne déjà (PID 14896, battement il y a 1s) — rien à faire
[singleton] un recorder tourne déjà (PID 14896, battement il y a 1s) — rien à faire
[singleton] un recorder tourne déjà (PID 14896, battement il y a 1s) — rien à faire
[singleton] un recorder tourne déjà (PID 14896, battement il y a 1s) — rien à faire
[singleton] un recorder tourne déjà (PID 14896, battement il y a 1s) — rien à faire
[singleton] un recorder tourne déjà (PID 14896, battement il y a 1s) — rien à faire
[singleton] un recorder tourne déjà (PID 14896, battement il y a 0s) — rien à faire
[singleton] un recorder tourne déjà (PID 14896, battement il y a 0s) — rien à faire
[singleton] un recorder tourne déjà (PID 14896, battement il y a 20s) — rien à faire
[singleton] un recorder tourne déjà (PID 14896, battement il y a 20s) — rien à faire
[singleton] un recorder tourne déjà (PID 14896, battement il y a 20s) — rien à faire
[singleton] un recorder tourne déjà (PID 14896, battement il y a 20s) — rien à faire
[singleton] un recorder tourne déjà (PID 14896, battement il y a 20s) — rien à faire
[singleton] un recorder tourne déjà (PID 14896, battement il y a 19s) — rien à faire
[singleton] un recorder tourne déjà (PID 14896, battement il y a 19s) — rien à faire
[singleton] un recorder tourne déjà (PID 14896, battement il y a 19s) — rien à faire
[singleton] un recorder tourne déjà (PID 14896, battement il y a 19s) — rien à faire
[singleton] un recorder tourne déjà (PID 14896, battement il y a 18s) — rien à faire
[singleton] un recorder tourne déjà (PID 14896, battement il y a 18s) — rien à faire
[singleton] un recorder tourne déjà (PID 14896, battement il y a 19s) — rien à faire
[singleton] un recorder tourne déjà (PID 14896, battement il y a 19s) — rien à faire
[singleton] un recorder tourne déjà (PID 14896, battement il y a 18s) — rien à faire
[singleton] un recorder tourne déjà (PID 14896, battement il y a 18s) — rien à faire
[05:27:50] [hyperliquid] connecté (2 flux)
[singleton] un recorder tourne déjà (PID 14896, battement il y a 18s) — rien à faire
[singleton] un recorder tourne déjà (PID 14896, battement il y a 18s) — rien à faire
[singleton] un recorder tourne déjà (PID 14896, battement il y a 18s) — rien à faire
[singleton] un recorder tourne déjà (PID 14896, battement il y a 17s) — rien à faire
[singleton] un recorder tourne déjà (PID 14896, battement il y a 17s) — rien à faire
[singleton] un recorder tourne déjà (PID 14896, battement il y a 17s) — rien à faire
[singleton] un recorder tourne déjà (PID 14896, battement il y a 17s) — rien à faire
[singleton] un recorder tourne déjà (PID 14896, battement il y a 0s) — rien à faire
[singleton] un recorder tourne déjà (PID 14896, battement il y a 18s) — rien à faire
[singleton] un recorder tourne déjà (PID 14896, battement il y a 17s) — rien à faire
[singleton] un recorder tourne déjà (PID 14896, battement il y a 18s) — rien à faire
[singleton] un recorder tourne déjà (PID 14896, battement il y a 17s) — rien à faire
[singleton] un recorder tourne déjà (PID 14896, battement il y a 17s) — rien à faire
[06:35:28] [coinbase] WS coupé : ConnectionClosedError(None, None, None) — retry dans 1s
[06:35:30] [coinbase] connecté (2 flux)
[singleton] un recorder tourne déjà (PID 14896, battement il y a 17s) — rien à faire
[singleton] un recorder tourne déjà (PID 14896, battement il y a 16s) — rien à faire
[singleton] un recorder tourne déjà (PID 14896, battement il y a 16s) — rien à faire
[singleton] un recorder tourne déjà (PID 14896, battement il y a 16s) — rien à faire
[singleton] un recorder tourne déjà (PID 14896, battement il y a 16s) — rien à faire
[singleton] un recorder tourne déjà (PID 14896, battement il y a 15s) — rien à faire
[singleton] un recorder tourne déjà (PID 14896, battement il y a 15s) — rien à faire
[singleton] un recorder tourne déjà (PID 14896, battement il y a 15s) — rien à faire
[singleton] un recorder tourne déjà (PID 14896, battement il y a 17s) — rien à faire
[singleton] un recorder tourne déjà (PID 14896, battement il y a 15s) — rien à faire
[singleton] un recorder tourne déjà (PID 14896, battement il y a 14s) — rien à faire
[singleton] un recorder tourne déjà (PID 14896, battement il y a 14s) — rien à faire
[singleton] un recorder tourne déjà (PID 14896, battement il y a 14s) — rien à faire
[singleton] un recorder tourne déjà (PID 14896, battement il y a 14s) — rien à faire
[singleton] un recorder tourne déjà (PID 14896, battement il y a 14s) — rien à faire
[singleton] un recorder tourne déjà (PID 14896, battement il y a 13s) — rien à faire
[singleton] un recorder tourne déjà (PID 14896, battement il y a 13s) — rien à faire
[singleton] un recorder tourne déjà (PID 14896, battement il y a 13s) — rien à faire
[singleton] un recorder tourne déjà (PID 14896, battement il y a 13s) — rien à faire
[singleton] un recorder tourne déjà (PID 14896, battement il y a 13s) — rien à faire
[singleton] un recorder tourne déjà (PID 14896, battement il y a 13s) — rien à faire
[singleton] un recorder tourne déjà (PID 14896, battement il y a 13s) — rien à faire
[singleton] un recorder tourne déjà (PID 14896, battement il y a 12s) — rien à faire
[08:28:41] [hyperliquid] connecté (2 flux)
[singleton] un recorder tourne déjà (PID 14896, battement il y a 12s) — rien à faire
[singleton] un recorder tourne déjà (PID 14896, battement il y a 12s) — rien à faire
[singleton] un recorder tourne déjà (PID 14896, battement il y a 12s) — rien à faire
[singleton] un recorder tourne déjà (PID 14896, battement il y a 12s) — rien à faire
[singleton] un recorder tourne déjà (PID 14896, battement il y a 15s) — rien à faire
[singleton] un recorder tourne déjà (PID 14896, battement il y a 11s) — rien à faire
[singleton] un recorder tourne déjà (PID 14896, battement il y a 10s) — rien à faire
[singleton] un recorder tourne déjà (PID 14896, battement il y a 10s) — rien à faire
[singleton] un recorder tourne déjà (PID 14896, battement il y a 10s) — rien à faire
[singleton] un recorder tourne déjà (PID 14896, battement il y a 10s) — rien à faire
[singleton] un recorder tourne déjà (PID 14896, battement il y a 10s) — rien à faire
[singleton] un recorder tourne déjà (PID 14896, battement il y a 9s) — rien à faire
[singleton] un recorder tourne déjà (PID 14896, battement il y a 9s) — rien à faire
[singleton] un recorder tourne déjà (PID 14896, battement il y a 9s) — rien à faire
[singleton] un recorder tourne déjà (PID 14896, battement il y a 9s) — rien à faire
[singleton] un recorder tourne déjà (PID 14896, battement il y a 9s) — rien à faire
[singleton] un recorder tourne déjà (PID 14896, battement il y a 9s) — rien à faire
[singleton] un recorder tourne déjà (PID 14896, battement il y a 8s) — rien à faire
[singleton] un recorder tourne déjà (PID 14896, battement il y a 8s) — rien à faire
[singleton] un recorder tourne déjà (PID 14896, battement il y a 8s) — rien à faire
[singleton] un recorder tourne déjà (PID 14896, battement il y a 8s) — rien à faire
[singleton] un recorder tourne déjà (PID 14896, battement il y a 8s) — rien à faire
[singleton] un recorder tourne déjà (PID 14896, battement il y a 8s) — rien à faire
[singleton] un recorder tourne déjà (PID 14896, battement il y a 8s) — rien à faire
[singleton] un recorder tourne déjà (PID 14896, battement il y a 7s) — rien à faire
[singleton] un recorder tourne déjà (PID 14896, battement il y a 7s) — rien à faire
[singleton] un recorder tourne déjà (PID 14896, battement il y a 7s) — rien à faire
[singleton] un recorder tourne déjà (PID 14896, battement il y a 7s) — rien à faire
[singleton] un recorder tourne déjà (PID 14896, battement il y a 7s) — rien à faire
[singleton] un recorder tourne déjà (PID 14896, battement il y a 7s) — rien à faire
[singleton] un recorder tourne déjà (PID 14896, battement il y a 8s) — rien à faire
[singleton] un recorder tourne déjà (PID 14896, battement il y a 6s) — rien à faire
[singleton] un recorder tourne déjà (PID 14896, battement il y a 6s) — rien à faire
[singleton] un recorder tourne déjà (PID 14896, battement il y a 6s) — rien à faire
[singleton] un recorder tourne déjà (PID 14896, battement il y a 6s) — rien à faire
[11:20:56] [coinbase] WS coupé : ConnectionClosedError(None, None, None) — retry dans 1s
[11:20:58] [coinbase] connecté (2 flux)
[singleton] un recorder tourne déjà (PID 14896, battement il y a 6s) — rien à faire
[11:28:08] [hyperliquid] connecté (2 flux)
[singleton] un recorder tourne déjà (PID 14896, battement il y a 6s) — rien à faire
[singleton] un recorder tourne déjà (PID 14896, battement il y a 5s) — rien à faire
[singleton] un recorder tourne déjà (PID 14896, battement il y a 5s) — rien à faire
[12:07:00] recorder P1 — 5 venues × 2 symboles @ 100 ms
[12:07:00] store : E:\Users\DyBoo\Desktop\LaForge\GON-TV\sandbox\detect\recorder\store
[12:07:00] santé : http://127.0.0.1:8788/health
[12:07:00] [okx] BTC-USDT-SWAP : 1 contrat = 0.01 BTC
[12:07:00] [okx] ETH-USDT-SWAP : 1 contrat = 0.1 ETH
[12:07:01] [coinbase] connecté (2 flux)
[12:07:01] [hyperliquid] connecté (2 flux)
[12:07:01] [bybit] connecté (2 flux)
[12:07:01] [binance] connecté (2 flux)
[12:07:01] [binance] socket transactions connectée
[12:07:01] [okx] connecté (2 flux)
[12:44:22] recorder P1 — 5 venues × 2 symboles @ 100 ms
[12:44:22] store : E:\Users\DyBoo\Desktop\LaForge\GON-TV\sandbox\detect\recorder\store
[12:44:24] santé : http://127.0.0.1:8788/health
[12:44:24] [okx] BTC-USDT-SWAP : 1 contrat = 0.01 BTC
[12:44:24] [okx] ETH-USDT-SWAP : 1 contrat = 0.1 ETH
[12:44:24] [coinbase] connecté (2 flux)
[12:44:24] [hyperliquid] connecté (2 flux)
[12:44:24] [bybit] connecté (2 flux)
[12:44:25] [binance] socket transactions connectée
[12:44:25] [binance] connecté (2 flux)
[12:44:25] [okx] connecté (2 flux)
[15:20:11] [okx] WS coupé : ConnectionClosedError(None, None, None) — retry dans 1s
[15:20:13] [okx] connecté (2 flux)
[15:50:26] recorder P1 — 5 venues × 2 symboles @ 100 ms
[15:50:26] store : E:\Users\DyBoo\Desktop\LaForge\GON-TV\sandbox\detect\recorder\store
[15:50:26] santé : http://127.0.0.1:8788/health
[15:50:27] [okx] BTC-USDT-SWAP : 1 contrat = 0.01 BTC
[15:50:27] [okx] ETH-USDT-SWAP : 1 contrat = 0.1 ETH
[15:50:27] [coinbase] connecté (2 flux)
[15:50:27] [hyperliquid] connecté (2 flux)
[15:50:27] [bybit] connecté (2 flux)
[15:50:27] [binance] connecté (2 flux)
[15:50:27] [binance] socket transactions connectée
[15:50:27] [okx] connecté (2 flux)
[16:42:45] recorder P1 — 5 venues × 2 symboles @ 100 ms
[16:42:45] store : E:\Users\DyBoo\Desktop\LaForge\GON-TV\sandbox\detect\recorder\store
[16:42:47] santé : http://127.0.0.1:8788/health
[16:42:47] [okx] BTC-USDT-SWAP : 1 contrat = 0.01 BTC
[16:42:47] [okx] ETH-USDT-SWAP : 1 contrat = 0.1 ETH
[16:42:48] [coinbase] connecté (2 flux)
[16:42:48] [hyperliquid] connecté (2 flux)
[16:42:48] [bybit] connecté (2 flux)
[16:42:49] [binance] connecté (2 flux)
[16:42:49] [binance] socket transactions connectée
[16:42:49] [okx] connecté (2 flux)
[17:27:28] recorder P1 — 5 venues × 2 symboles @ 100 ms
[17:27:28] store : C:\Users\DyBoo\Desktop\LaForge\GON-TV\sandbox\detect\recorder\store
[17:27:29] santé : http://127.0.0.1:8788/health
[17:27:32] [okx] BTC-USDT-SWAP : 1 contrat = 0.01 BTC
[17:27:32] [okx] ETH-USDT-SWAP : 1 contrat = 0.1 ETH
[17:27:32] [coinbase] connecté (2 flux)
[17:27:32] [hyperliquid] connecté (2 flux)
[17:27:32] [bybit] connecté (2 flux)
[17:27:32] [binance] connecté (2 flux)
[17:27:33] [binance] socket transactions connectée
[17:27:35] [okx] connecté (2 flux)
