[   266s] 2026-07-29 BINANCE BTCUSDT : incoh 0.1428% · e 1.64%
[   603s] 2026-07-29 BINANCE ETHUSDT : incoh 0.2150% · e 1.71%
[   626s] 2026-07-29 HYPERLIQUID BTCUSDT : incoh 6.6467% · e 24.44%
[   663s] 2026-07-29 HYPERLIQUID ETHUSDT : incoh 2.2798% · e 9.90%
[   938s] 2026-07-30 BINANCE BTCUSDT : incoh 0.0991% · e 1.55%
[  1232s] 2026-07-30 BINANCE ETHUSDT : incoh 0.1526% · e 1.54%
[  1257s] 2026-07-30 HYPERLIQUID BTCUSDT : incoh 2.3339% · e 15.11%
[  1297s] 2026-07-30 HYPERLIQUID ETHUSDT : incoh 1.1960% · e 7.42%
[  1565s] 2026-07-31 BINANCE BTCUSDT : incoh 0.1310% · e 1.88%
[  1887s] 2026-07-31 BINANCE ETHUSDT : incoh 0.1720% · e 1.69%
[  1910s] 2026-07-31 HYPERLIQUID BTCUSDT : incoh 3.4939% · e 16.25%
[  1945s] 2026-07-31 HYPERLIQUID ETHUSDT : incoh 1.7046% · e 9.27%
[  2169s] 2026-08-01 BINANCE BTCUSDT : incoh 0.0505% · e 1.56%
[  2430s] 2026-08-01 BINANCE ETHUSDT : incoh 0.1036% · e 1.54%
[  2450s] 2026-08-01 HYPERLIQUID BTCUSDT : incoh 1.4247% · e 10.00%
[  2481s] 2026-08-01 HYPERLIQUID ETHUSDT : incoh 1.0566% · e 7.48%
[  2754s] 2026-08-03 BINANCE BTCUSDT : incoh 0.1089% · e 1.73%
[  3075s] 2026-08-03 BINANCE ETHUSDT : incoh 0.1227% · e 1.53%
[  3095s] 2026-08-03 HYPERLIQUID BTCUSDT : incoh 3.8248% · e 17.60%
[  3127s] 2026-08-03 HYPERLIQUID ETHUSDT : incoh 1.3645% · e 8.02%
[  3127s] terminé — C:\Users\DyBoo\Desktop\-MapDee-\journal\c8-3-mesure-20260805.json
